Archive member included to satisfy reference by file (symbol)

c:/program files (x86)/atmel/studio/7.0/toolchain/avr8/avr8-gnu-toolchain/bin/../lib/gcc/avr/5.4.0/avr5\libgcc.a(_exit.o)
                              C:/Program Files (x86)/Atmel/Studio/7.0/Packs/atmel/ATmega_DFP/1.7.374/gcc/dev/atmega16/avr5/crtatmega16.o (exit)
c:/program files (x86)/atmel/studio/7.0/toolchain/avr8/avr8-gnu-toolchain/bin/../lib/gcc/avr/5.4.0/avr5\libgcc.a(_copy_data.o)
                              HAL_/KEYPAD/KEYPAD_PROGRM.o (__do_copy_data)
c:/program files (x86)/atmel/studio/7.0/toolchain/avr8/avr8-gnu-toolchain/bin/../lib/gcc/avr/5.4.0/avr5\libgcc.a(_clear_bss.o)
                              HAL_/LCD/LCD_PROGRAM.o (__do_clear_bss)

Discarded input sections

 .data          0x00000000        0x0 C:/Program Files (x86)/Atmel/Studio/7.0/Packs/atmel/ATmega_DFP/1.7.374/gcc/dev/atmega16/avr5/crtatmega16.o
 .bss           0x00000000        0x0 C:/Program Files (x86)/Atmel/Studio/7.0/Packs/atmel/ATmega_DFP/1.7.374/gcc/dev/atmega16/avr5/crtatmega16.o
 .text          0x00000000        0x0 HAL_/BUZZER/BUZZER_PROGRAM.o
 .data          0x00000000        0x0 HAL_/BUZZER/BUZZER_PROGRAM.o
 .bss           0x00000000        0x0 HAL_/BUZZER/BUZZER_PROGRAM.o
 .text.BUZ_off  0x00000000        0x8 HAL_/BUZZER/BUZZER_PROGRAM.o
 .text          0x00000000        0x0 HAL_/KEYPAD/KEYPAD_PROGRM.o
 .data          0x00000000        0x0 HAL_/KEYPAD/KEYPAD_PROGRM.o
 .bss           0x00000000        0x0 HAL_/KEYPAD/KEYPAD_PROGRM.o
 .text          0x00000000        0x0 HAL_/LCD/LCD_PROGRAM.o
 .data          0x00000000        0x0 HAL_/LCD/LCD_PROGRAM.o
 .bss           0x00000000        0x0 HAL_/LCD/LCD_PROGRAM.o
 .text          0x00000000        0x0 HAL_/LED/LED_PROGRAMc.o
 .data          0x00000000        0x0 HAL_/LED/LED_PROGRAMc.o
 .bss           0x00000000        0x0 HAL_/LED/LED_PROGRAMc.o
 .text          0x00000000        0x0 HAL_/SEV_SEG/SEV_SEG_PROGRAM.o
 .data          0x00000000        0x0 HAL_/SEV_SEG/SEV_SEG_PROGRAM.o
 .bss           0x00000000        0x0 HAL_/SEV_SEG/SEV_SEG_PROGRAM.o
 .text          0x00000000        0x0 main.o
 .data          0x00000000        0x0 main.o
 .bss           0x00000000        0x0 main.o
 .text          0x00000000        0x0 MCAL/DIO/DIO_PROGRAM.o
 .data          0x00000000        0x0 MCAL/DIO/DIO_PROGRAM.o
 .bss           0x00000000        0x0 MCAL/DIO/DIO_PROGRAM.o
 .text          0x00000000        0x0 c:/program files (x86)/atmel/studio/7.0/toolchain/avr8/avr8-gnu-toolchain/bin/../lib/gcc/avr/5.4.0/avr5\libgcc.a(_exit.o)
 .data          0x00000000        0x0 c:/program files (x86)/atmel/studio/7.0/toolchain/avr8/avr8-gnu-toolchain/bin/../lib/gcc/avr/5.4.0/avr5\libgcc.a(_exit.o)
 .bss           0x00000000        0x0 c:/program files (x86)/atmel/studio/7.0/toolchain/avr8/avr8-gnu-toolchain/bin/../lib/gcc/avr/5.4.0/avr5\libgcc.a(_exit.o)
 .text.libgcc.mul
                0x00000000        0x0 c:/program files (x86)/atmel/studio/7.0/toolchain/avr8/avr8-gnu-toolchain/bin/../lib/gcc/avr/5.4.0/avr5\libgcc.a(_exit.o)
 .text.libgcc.div
                0x00000000        0x0 c:/program files (x86)/atmel/studio/7.0/toolchain/avr8/avr8-gnu-toolchain/bin/../lib/gcc/avr/5.4.0/avr5\libgcc.a(_exit.o)
 .text.libgcc   0x00000000        0x0 c:/program files (x86)/atmel/studio/7.0/toolchain/avr8/avr8-gnu-toolchain/bin/../lib/gcc/avr/5.4.0/avr5\libgcc.a(_exit.o)
 .text.libgcc.prologue
                0x00000000        0x0 c:/program files (x86)/atmel/studio/7.0/toolchain/avr8/avr8-gnu-toolchain/bin/../lib/gcc/avr/5.4.0/avr5\libgcc.a(_exit.o)
 .text.libgcc.builtins
                0x00000000        0x0 c:/program files (x86)/atmel/studio/7.0/toolchain/avr8/avr8-gnu-toolchain/bin/../lib/gcc/avr/5.4.0/avr5\libgcc.a(_exit.o)
 .text.libgcc.fmul
                0x00000000        0x0 c:/program files (x86)/atmel/studio/7.0/toolchain/avr8/avr8-gnu-toolchain/bin/../lib/gcc/avr/5.4.0/avr5\libgcc.a(_exit.o)
 .text.libgcc.fixed
                0x00000000        0x0 c:/program files (x86)/atmel/studio/7.0/toolchain/avr8/avr8-gnu-toolchain/bin/../lib/gcc/avr/5.4.0/avr5\libgcc.a(_exit.o)
 .text          0x00000000        0x0 c:/program files (x86)/atmel/studio/7.0/toolchain/avr8/avr8-gnu-toolchain/bin/../lib/gcc/avr/5.4.0/avr5\libgcc.a(_copy_data.o)
 .data          0x00000000        0x0 c:/program files (x86)/atmel/studio/7.0/toolchain/avr8/avr8-gnu-toolchain/bin/../lib/gcc/avr/5.4.0/avr5\libgcc.a(_copy_data.o)
 .bss           0x00000000        0x0 c:/program files (x86)/atmel/studio/7.0/toolchain/avr8/avr8-gnu-toolchain/bin/../lib/gcc/avr/5.4.0/avr5\libgcc.a(_copy_data.o)
 .text.libgcc.mul
                0x00000000        0x0 c:/program files (x86)/atmel/studio/7.0/toolchain/avr8/avr8-gnu-toolchain/bin/../lib/gcc/avr/5.4.0/avr5\libgcc.a(_copy_data.o)
 .text.libgcc.div
                0x00000000        0x0 c:/program files (x86)/atmel/studio/7.0/toolchain/avr8/avr8-gnu-toolchain/bin/../lib/gcc/avr/5.4.0/avr5\libgcc.a(_copy_data.o)
 .text.libgcc   0x00000000        0x0 c:/program files (x86)/atmel/studio/7.0/toolchain/avr8/avr8-gnu-toolchain/bin/../lib/gcc/avr/5.4.0/avr5\libgcc.a(_copy_data.o)
 .text.libgcc.prologue
                0x00000000        0x0 c:/program files (x86)/atmel/studio/7.0/toolchain/avr8/avr8-gnu-toolchain/bin/../lib/gcc/avr/5.4.0/avr5\libgcc.a(_copy_data.o)
 .text.libgcc.builtins
                0x00000000        0x0 c:/program files (x86)/atmel/studio/7.0/toolchain/avr8/avr8-gnu-toolchain/bin/../lib/gcc/avr/5.4.0/avr5\libgcc.a(_copy_data.o)
 .text.libgcc.fmul
                0x00000000        0x0 c:/program files (x86)/atmel/studio/7.0/toolchain/avr8/avr8-gnu-toolchain/bin/../lib/gcc/avr/5.4.0/avr5\libgcc.a(_copy_data.o)
 .text.libgcc.fixed
                0x00000000        0x0 c:/program files (x86)/atmel/studio/7.0/toolchain/avr8/avr8-gnu-toolchain/bin/../lib/gcc/avr/5.4.0/avr5\libgcc.a(_copy_data.o)
 .text          0x00000000        0x0 c:/program files (x86)/atmel/studio/7.0/toolchain/avr8/avr8-gnu-toolchain/bin/../lib/gcc/avr/5.4.0/avr5\libgcc.a(_clear_bss.o)
 .data          0x00000000        0x0 c:/program files (x86)/atmel/studio/7.0/toolchain/avr8/avr8-gnu-toolchain/bin/../lib/gcc/avr/5.4.0/avr5\libgcc.a(_clear_bss.o)
 .bss           0x00000000        0x0 c:/program files (x86)/atmel/studio/7.0/toolchain/avr8/avr8-gnu-toolchain/bin/../lib/gcc/avr/5.4.0/avr5\libgcc.a(_clear_bss.o)
 .text.libgcc.mul
                0x00000000        0x0 c:/program files (x86)/atmel/studio/7.0/toolchain/avr8/avr8-gnu-toolchain/bin/../lib/gcc/avr/5.4.0/avr5\libgcc.a(_clear_bss.o)
 .text.libgcc.div
                0x00000000        0x0 c:/program files (x86)/atmel/studio/7.0/toolchain/avr8/avr8-gnu-toolchain/bin/../lib/gcc/avr/5.4.0/avr5\libgcc.a(_clear_bss.o)
 .text.libgcc   0x00000000        0x0 c:/program files (x86)/atmel/studio/7.0/toolchain/avr8/avr8-gnu-toolchain/bin/../lib/gcc/avr/5.4.0/avr5\libgcc.a(_clear_bss.o)
 .text.libgcc.prologue
                0x00000000        0x0 c:/program files (x86)/atmel/studio/7.0/toolchain/avr8/avr8-gnu-toolchain/bin/../lib/gcc/avr/5.4.0/avr5\libgcc.a(_clear_bss.o)
 .text.libgcc.builtins
                0x00000000        0x0 c:/program files (x86)/atmel/studio/7.0/toolchain/avr8/avr8-gnu-toolchain/bin/../lib/gcc/avr/5.4.0/avr5\libgcc.a(_clear_bss.o)
 .text.libgcc.fmul
                0x00000000        0x0 c:/program files (x86)/atmel/studio/7.0/toolchain/avr8/avr8-gnu-toolchain/bin/../lib/gcc/avr/5.4.0/avr5\libgcc.a(_clear_bss.o)
 .text.libgcc.fixed
                0x00000000        0x0 c:/program files (x86)/atmel/studio/7.0/toolchain/avr8/avr8-gnu-toolchain/bin/../lib/gcc/avr/5.4.0/avr5\libgcc.a(_clear_bss.o)

Memory Configuration

Name             Origin             Length             Attributes
text             0x00000000         0x00004000         xr
data             0x00800060         0x00000400         rw !x
eeprom           0x00810000         0x00000200         rw !x
fuse             0x00820000         0x00000002         rw !x
lock             0x00830000         0x00000400         rw !x
signature        0x00840000         0x00000400         rw !x
user_signatures  0x00850000         0x00000400         rw !x
*default*        0x00000000         0xffffffff

Linker script and memory map

LOAD C:/Program Files (x86)/Atmel/Studio/7.0/Packs/atmel/ATmega_DFP/1.7.374/gcc/dev/atmega16/avr5/crtatmega16.o
LOAD HAL_/BUZZER/BUZZER_PROGRAM.o
LOAD HAL_/KEYPAD/KEYPAD_PROGRM.o
LOAD HAL_/LCD/LCD_PROGRAM.o
LOAD HAL_/LED/LED_PROGRAMc.o
LOAD HAL_/SEV_SEG/SEV_SEG_PROGRAM.o
LOAD main.o
LOAD MCAL/DIO/DIO_PROGRAM.o
START GROUP
LOAD c:/program files (x86)/atmel/studio/7.0/toolchain/avr8/avr8-gnu-toolchain/bin/../lib/gcc/avr/5.4.0/../../../../avr/lib/avr5\libm.a
END GROUP
START GROUP
LOAD c:/program files (x86)/atmel/studio/7.0/toolchain/avr8/avr8-gnu-toolchain/bin/../lib/gcc/avr/5.4.0/avr5\libgcc.a
LOAD c:/program files (x86)/atmel/studio/7.0/toolchain/avr8/avr8-gnu-toolchain/bin/../lib/gcc/avr/5.4.0/../../../../avr/lib/avr5\libm.a
LOAD c:/program files (x86)/atmel/studio/7.0/toolchain/avr8/avr8-gnu-toolchain/bin/../lib/gcc/avr/5.4.0/../../../../avr/lib/avr5\libc.a
LOAD C:/Program Files (x86)/Atmel/Studio/7.0/Packs/atmel/ATmega_DFP/1.7.374/gcc/dev/atmega16/avr5\libatmega16.a
END GROUP
                0x00000000                __TEXT_REGION_ORIGIN__ = DEFINED (__TEXT_REGION_ORIGIN__)?__TEXT_REGION_ORIGIN__:0x0
                [0x00800060]                __DATA_REGION_ORIGIN__ = DEFINED (__DATA_REGION_ORIGIN__)?__DATA_REGION_ORIGIN__:0x800060
                [0x00004000]                __TEXT_REGION_LENGTH__ = DEFINED (__TEXT_REGION_LENGTH__)?__TEXT_REGION_LENGTH__:0x20000
                [0x00000400]                __DATA_REGION_LENGTH__ = DEFINED (__DATA_REGION_LENGTH__)?__DATA_REGION_LENGTH__:0xffa0
                [0x00000200]                __EEPROM_REGION_LENGTH__ = DEFINED (__EEPROM_REGION_LENGTH__)?__EEPROM_REGION_LENGTH__:0x10000
                [0x00000002]                __FUSE_REGION_LENGTH__ = DEFINED (__FUSE_REGION_LENGTH__)?__FUSE_REGION_LENGTH__:0x400
                0x00000400                __LOCK_REGION_LENGTH__ = DEFINED (__LOCK_REGION_LENGTH__)?__LOCK_REGION_LENGTH__:0x400
                0x00000400                __SIGNATURE_REGION_LENGTH__ = DEFINED (__SIGNATURE_REGION_LENGTH__)?__SIGNATURE_REGION_LENGTH__:0x400
                0x00000400                __USER_SIGNATURE_REGION_LENGTH__ = DEFINED (__USER_SIGNATURE_REGION_LENGTH__)?__USER_SIGNATURE_REGION_LENGTH__:0x400

.hash
 *(.hash)

.dynsym
 *(.dynsym)

.dynstr
 *(.dynstr)

.gnu.version
 *(.gnu.version)

.gnu.version_d
 *(.gnu.version_d)

.gnu.version_r
 *(.gnu.version_r)

.rel.init
 *(.rel.init)

.rela.init
 *(.rela.init)

.rel.text
 *(.rel.text)
 *(.rel.text.*)
 *(.rel.gnu.linkonce.t*)

.rela.text
 *(.rela.text)
 *(.rela.text.*)
 *(.rela.gnu.linkonce.t*)

.rel.fini
 *(.rel.fini)

.rela.fini
 *(.rela.fini)

.rel.rodata
 *(.rel.rodata)
 *(.rel.rodata.*)
 *(.rel.gnu.linkonce.r*)

.rela.rodata
 *(.rela.rodata)
 *(.rela.rodata.*)
 *(.rela.gnu.linkonce.r*)

.rel.data
 *(.rel.data)
 *(.rel.data.*)
 *(.rel.gnu.linkonce.d*)

.rela.data
 *(.rela.data)
 *(.rela.data.*)
 *(.rela.gnu.linkonce.d*)

.rel.ctors
 *(.rel.ctors)

.rela.ctors
 *(.rela.ctors)

.rel.dtors
 *(.rel.dtors)

.rela.dtors
 *(.rela.dtors)

.rel.got
 *(.rel.got)

.rela.got
 *(.rela.got)

.rel.bss
 *(.rel.bss)

.rela.bss
 *(.rela.bss)

.rel.plt
 *(.rel.plt)

.rela.plt
 *(.rela.plt)

.text           0x00000000      0x950
 *(.vectors)
 .vectors       0x00000000       0x54 C:/Program Files (x86)/Atmel/Studio/7.0/Packs/atmel/ATmega_DFP/1.7.374/gcc/dev/atmega16/avr5/crtatmega16.o
                0x00000000                __vector_default
                0x00000000                __vectors
 *(.vectors)
 *(.progmem.gcc*)
                0x00000054                . = ALIGN (0x2)
                0x00000054                __trampolines_start = .
 *(.trampolines)
 .trampolines   0x00000054        0x0 linker stubs
 *(.trampolines*)
                0x00000054                __trampolines_end = .
 *libprintf_flt.a:*(.progmem.data)
 *libc.a:*(.progmem.data)
 *(.progmem*)
                0x00000054                . = ALIGN (0x2)
 *(.jumptables)
 *(.jumptables*)
 *(.lowtext)
 *(.lowtext*)
                0x00000054                __ctors_start = .
 *(.ctors)
                0x00000054                __ctors_end = .
                0x00000054                __dtors_start = .
 *(.dtors)
                0x00000054                __dtors_end = .
 SORT(*)(.ctors)
 SORT(*)(.dtors)
 *(.init0)
 .init0         0x00000054        0x0 C:/Program Files (x86)/Atmel/Studio/7.0/Packs/atmel/ATmega_DFP/1.7.374/gcc/dev/atmega16/avr5/crtatmega16.o
                0x00000054                __init
 *(.init0)
 *(.init1)
 *(.init1)
 *(.init2)
 .init2         0x00000054        0xc C:/Program Files (x86)/Atmel/Studio/7.0/Packs/atmel/ATmega_DFP/1.7.374/gcc/dev/atmega16/avr5/crtatmega16.o
 *(.init2)
 *(.init3)
 *(.init3)
 *(.init4)
 .init4         0x00000060       0x16 c:/program files (x86)/atmel/studio/7.0/toolchain/avr8/avr8-gnu-toolchain/bin/../lib/gcc/avr/5.4.0/avr5\libgcc.a(_copy_data.o)
                0x00000060                __do_copy_data
 .init4         0x00000076       0x10 c:/program files (x86)/atmel/studio/7.0/toolchain/avr8/avr8-gnu-toolchain/bin/../lib/gcc/avr/5.4.0/avr5\libgcc.a(_clear_bss.o)
                0x00000076                __do_clear_bss
 *(.init4)
 *(.init5)
 *(.init5)
 *(.init6)
 *(.init6)
 *(.init7)
 *(.init7)
 *(.init8)
 *(.init8)
 *(.init9)
 .init9         0x00000086        0x8 C:/Program Files (x86)/Atmel/Studio/7.0/Packs/atmel/ATmega_DFP/1.7.374/gcc/dev/atmega16/avr5/crtatmega16.o
 *(.init9)
 *(.text)
 .text          0x0000008e        0x4 C:/Program Files (x86)/Atmel/Studio/7.0/Packs/atmel/ATmega_DFP/1.7.374/gcc/dev/atmega16/avr5/crtatmega16.o
                0x0000008e                __vector_1
                0x0000008e                __vector_12
                0x0000008e                __bad_interrupt
                0x0000008e                __vector_6
                0x0000008e                __vector_3
                0x0000008e                __vector_11
                0x0000008e                __vector_13
                0x0000008e                __vector_17
                0x0000008e                __vector_19
                0x0000008e                __vector_7
                0x0000008e                __vector_5
                0x0000008e                __vector_4
                0x0000008e                __vector_9
                0x0000008e                __vector_2
                0x0000008e                __vector_15
                0x0000008e                __vector_8
                0x0000008e                __vector_14
                0x0000008e                __vector_10
                0x0000008e                __vector_16
                0x0000008e                __vector_18
                0x0000008e                __vector_20
                0x00000092                . = ALIGN (0x2)
 *(.text.*)
 .text.BUZ_intiat
                0x00000092        0x8 HAL_/BUZZER/BUZZER_PROGRAM.o
                0x00000092                BUZ_intiat
 .text.BUZ_on   0x0000009a        0x8 HAL_/BUZZER/BUZZER_PROGRAM.o
                0x0000009a                BUZ_on
 .text.KPD_Init
                0x000000a2       0x82 HAL_/KEYPAD/KEYPAD_PROGRM.o
                0x000000a2                KPD_Init
 .text.KPD_GetPressedKey
                0x00000124       0xb2 HAL_/KEYPAD/KEYPAD_PROGRM.o
                0x00000124                KPD_GetPressedKey
 .text.LCD_WriteCmd
                0x000001d6       0xc4 HAL_/LCD/LCD_PROGRAM.o
                0x000001d6                LCD_WriteCmd
 .text.LCD_initialize
                0x0000029a       0xc0 HAL_/LCD/LCD_PROGRAM.o
                0x0000029a                LCD_initialize
 .text.LCD_WriteData
                0x0000035a       0xbc HAL_/LCD/LCD_PROGRAM.o
                0x0000035a                LCD_WriteData
 .text.LCD_WriteString
                0x00000416       0x1a HAL_/LCD/LCD_PROGRAM.o
                0x00000416                LCD_WriteString
 .text.LCD_Clear
                0x00000430        0x8 HAL_/LCD/LCD_PROGRAM.o
                0x00000430                LCD_Clear
 .text.LED_init
                0x00000438        0x8 HAL_/LED/LED_PROGRAMc.o
                0x00000438                LED_init
 .text.LED_off  0x00000440        0x8 HAL_/LED/LED_PROGRAMc.o
                0x00000440                LED_off
 .text.LED_on   0x00000448        0x8 HAL_/LED/LED_PROGRAMc.o
                0x00000448                LED_on
 .text.SEV_SEG_init
                0x00000450       0x2a HAL_/SEV_SEG/SEV_SEG_PROGRAM.o
                0x00000450                SEV_SEG_init
 .text.SEV_SEG_on
                0x0000047a        0xa HAL_/SEV_SEG/SEV_SEG_PROGRAM.o
                0x0000047a                SEV_SEG_on
 .text.SEV_SEG_off
                0x00000484        0xa HAL_/SEV_SEG/SEV_SEG_PROGRAM.o
                0x00000484                SEV_SEG_off
 .text.SEV_SEG_display
                0x0000048e       0x36 HAL_/SEV_SEG/SEV_SEG_PROGRAM.o
                0x0000048e                SEV_SEG_display
 .text.check    0x000004c4       0x2c main.o
                0x000004c4                check
 .text.main     0x000004f0      0x1ca main.o
                0x000004f0                main
 .text.DIO_pinMode
                0x000006ba      0x116 MCAL/DIO/DIO_PROGRAM.o
                0x000006ba                DIO_pinMode
 .text.DIO_digitalWrite
                0x000007d0      0x116 MCAL/DIO/DIO_PROGRAM.o
                0x000007d0                DIO_digitalWrite
 .text.DIO_digitalRead
                0x000008e6       0x66 MCAL/DIO/DIO_PROGRAM.o
                0x000008e6                DIO_digitalRead
                0x0000094c                . = ALIGN (0x2)
 *(.fini9)
 .fini9         0x0000094c        0x0 c:/program files (x86)/atmel/studio/7.0/toolchain/avr8/avr8-gnu-toolchain/bin/../lib/gcc/avr/5.4.0/avr5\libgcc.a(_exit.o)
                0x0000094c                _exit
                0x0000094c                exit
 *(.fini9)
 *(.fini8)
 *(.fini8)
 *(.fini7)
 *(.fini7)
 *(.fini6)
 *(.fini6)
 *(.fini5)
 *(.fini5)
 *(.fini4)
 *(.fini4)
 *(.fini3)
 *(.fini3)
 *(.fini2)
 *(.fini2)
 *(.fini1)
 *(.fini1)
 *(.fini0)
 .fini0         0x0000094c        0x4 c:/program files (x86)/atmel/studio/7.0/toolchain/avr8/avr8-gnu-toolchain/bin/../lib/gcc/avr/5.4.0/avr5\libgcc.a(_exit.o)
 *(.fini0)
                0x00000950                _etext = .

.data           0x00800060       0x50 load address 0x00000950
                0x00800060                PROVIDE (__data_start, .)
 *(.data)
 *(.data*)
 .data.KPD_ColsPins
                0x00800060        0x4 HAL_/KEYPAD/KEYPAD_PROGRM.o
                0x00800060                KPD_ColsPins
 .data.KPD_RowsPins
                0x00800064        0x4 HAL_/KEYPAD/KEYPAD_PROGRM.o
                0x00800064                KPD_RowsPins
 .data.KPD_SwitchVal
                0x00800068       0x10 HAL_/KEYPAD/KEYPAD_PROGRM.o
                0x00800068                KPD_SwitchVal
 .data.password
                0x00800078        0x4 main.o
                0x00800078                password
 *(.gnu.linkonce.d*)
 *(.rodata)
 *(.rodata*)
 .rodata.str1.1
                0x0080007c       0x34 main.o
 *(.gnu.linkonce.r*)
                0x008000b0                . = ALIGN (0x2)
                0x008000b0                _edata = .
                0x008000b0                PROVIDE (__data_end, .)

.bss            0x008000b0        0x2
                0x008000b0                PROVIDE (__bss_start, .)
 *(.bss)
 *(.bss*)
 .bss.initialVar
                0x008000b0        0x1 HAL_/LCD/LCD_PROGRAM.o
 .bss.counter   0x008000b1        0x1 main.o
                0x008000b1                counter
 *(COMMON)
                0x008000b2                PROVIDE (__bss_end, .)
                0x00000950                __data_load_start = LOADADDR (.data)
                0x000009a0                __data_load_end = (__data_load_start + SIZEOF (.data))

.noinit         0x008000b2        0x0
                [!provide]                PROVIDE (__noinit_start, .)
 *(.noinit*)
                [!provide]                PROVIDE (__noinit_end, .)
                0x008000b2                _end = .
                [!provide]                PROVIDE (__heap_start, .)

.eeprom         0x00810000        0x0
 *(.eeprom*)
                0x00810000                __eeprom_end = .

.fuse
 *(.fuse)
 *(.lfuse)
 *(.hfuse)
 *(.efuse)

.lock
 *(.lock*)

.signature
 *(.signature*)

.user_signatures
 *(.user_signatures*)

.stab
 *(.stab)

.stabstr
 *(.stabstr)

.stab.excl
 *(.stab.excl)

.stab.exclstr
 *(.stab.exclstr)

.stab.index
 *(.stab.index)

.stab.indexstr
 *(.stab.indexstr)

.comment        0x00000000       0x30
 *(.comment)
 .comment       0x00000000       0x30 HAL_/BUZZER/BUZZER_PROGRAM.o
                                 0x31 (size before relaxing)
 .comment       0x00000030       0x31 HAL_/KEYPAD/KEYPAD_PROGRM.o
 .comment       0x00000030       0x31 HAL_/LCD/LCD_PROGRAM.o
 .comment       0x00000030       0x31 HAL_/LED/LED_PROGRAMc.o
 .comment       0x00000030       0x31 HAL_/SEV_SEG/SEV_SEG_PROGRAM.o
 .comment       0x00000030       0x31 main.o
 .comment       0x00000030       0x31 MCAL/DIO/DIO_PROGRAM.o

.note.gnu.avr.deviceinfo
                0x00000000       0x3c
 .note.gnu.avr.deviceinfo
                0x00000000       0x3c C:/Program Files (x86)/Atmel/Studio/7.0/Packs/atmel/ATmega_DFP/1.7.374/gcc/dev/atmega16/avr5/crtatmega16.o

.note.gnu.build-id
 *(.note.gnu.build-id)

.debug
 *(.debug)

.line
 *(.line)

.debug_srcinfo
 *(.debug_srcinfo)

.debug_sfnames
 *(.debug_sfnames)

.debug_aranges  0x00000000      0x158
 *(.debug_aranges)
 .debug_aranges
                0x00000000       0x30 HAL_/BUZZER/BUZZER_PROGRAM.o
 .debug_aranges
                0x00000030       0x28 HAL_/KEYPAD/KEYPAD_PROGRM.o
 .debug_aranges
                0x00000058       0x40 HAL_/LCD/LCD_PROGRAM.o
 .debug_aranges
                0x00000098       0x30 HAL_/LED/LED_PROGRAMc.o
 .debug_aranges
                0x000000c8       0x38 HAL_/SEV_SEG/SEV_SEG_PROGRAM.o
 .debug_aranges
                0x00000100       0x28 main.o
 .debug_aranges
                0x00000128       0x30 MCAL/DIO/DIO_PROGRAM.o

.debug_pubnames
 *(.debug_pubnames)

.debug_info     0x00000000     0x1e08
 *(.debug_info .gnu.linkonce.wi.*)
 .debug_info    0x00000000      0x52e C:/Program Files (x86)/Atmel/Studio/7.0/Packs/atmel/ATmega_DFP/1.7.374/gcc/dev/atmega16/avr5/crtatmega16.o
 .debug_info    0x0000052e      0x154 HAL_/BUZZER/BUZZER_PROGRAM.o
 .debug_info    0x00000682      0x3c5 HAL_/KEYPAD/KEYPAD_PROGRM.o
 .debug_info    0x00000a47      0x8ad HAL_/LCD/LCD_PROGRAM.o
 .debug_info    0x000012f4      0x154 HAL_/LED/LED_PROGRAMc.o
 .debug_info    0x00001448      0x222 HAL_/SEV_SEG/SEV_SEG_PROGRAM.o
 .debug_info    0x0000166a      0x62d main.o
 .debug_info    0x00001c97      0x171 MCAL/DIO/DIO_PROGRAM.o

.debug_abbrev   0x00000000      0xb9b
 *(.debug_abbrev)
 .debug_abbrev  0x00000000      0x4e7 C:/Program Files (x86)/Atmel/Studio/7.0/Packs/atmel/ATmega_DFP/1.7.374/gcc/dev/atmega16/avr5/crtatmega16.o
 .debug_abbrev  0x000004e7       0x80 HAL_/BUZZER/BUZZER_PROGRAM.o
 .debug_abbrev  0x00000567      0x166 HAL_/KEYPAD/KEYPAD_PROGRM.o
 .debug_abbrev  0x000006cd      0x159 HAL_/LCD/LCD_PROGRAM.o
 .debug_abbrev  0x00000826       0x80 HAL_/LED/LED_PROGRAMc.o
 .debug_abbrev  0x000008a6       0xa7 HAL_/SEV_SEG/SEV_SEG_PROGRAM.o
 .debug_abbrev  0x0000094d      0x1b0 main.o
 .debug_abbrev  0x00000afd       0x9e MCAL/DIO/DIO_PROGRAM.o

.debug_line     0x00000000      0xdfe
 *(.debug_line .debug_line.* .debug_line_end)
 .debug_line    0x00000000      0x116 C:/Program Files (x86)/Atmel/Studio/7.0/Packs/atmel/ATmega_DFP/1.7.374/gcc/dev/atmega16/avr5/crtatmega16.o
 .debug_line    0x00000116       0xb5 HAL_/BUZZER/BUZZER_PROGRAM.o
 .debug_line    0x000001cb      0x23e HAL_/KEYPAD/KEYPAD_PROGRM.o
 .debug_line    0x00000409      0x356 HAL_/LCD/LCD_PROGRAM.o
 .debug_line    0x0000075f       0xb0 HAL_/LED/LED_PROGRAMc.o
 .debug_line    0x0000080f       0xfd HAL_/SEV_SEG/SEV_SEG_PROGRAM.o
 .debug_line    0x0000090c      0x392 main.o
 .debug_line    0x00000c9e      0x160 MCAL/DIO/DIO_PROGRAM.o

.debug_frame    0x00000000      0x25c
 *(.debug_frame)
 .debug_frame   0x00000000       0x44 HAL_/BUZZER/BUZZER_PROGRAM.o
 .debug_frame   0x00000044       0x5c HAL_/KEYPAD/KEYPAD_PROGRM.o
 .debug_frame   0x000000a0       0x80 HAL_/LCD/LCD_PROGRAM.o
 .debug_frame   0x00000120       0x44 HAL_/LED/LED_PROGRAMc.o
 .debug_frame   0x00000164       0x5c HAL_/SEV_SEG/SEV_SEG_PROGRAM.o
 .debug_frame   0x000001c0       0x58 main.o
 .debug_frame   0x00000218       0x44 MCAL/DIO/DIO_PROGRAM.o

.debug_str      0x00000000      0x5a9
 *(.debug_str)
 .debug_str     0x00000000      0x1af C:/Program Files (x86)/Atmel/Studio/7.0/Packs/atmel/ATmega_DFP/1.7.374/gcc/dev/atmega16/avr5/crtatmega16.o
 .debug_str     0x000001af      0x1b8 HAL_/BUZZER/BUZZER_PROGRAM.o
                                0x1df (size before relaxing)
 .debug_str     0x00000367       0xc4 HAL_/KEYPAD/KEYPAD_PROGRM.o
                                0x26f (size before relaxing)
 .debug_str     0x0000042b       0x69 HAL_/LCD/LCD_PROGRAM.o
                                0x25d (size before relaxing)
 .debug_str     0x00000494       0x3a HAL_/LED/LED_PROGRAMc.o
                                0x1d8 (size before relaxing)
 .debug_str     0x000004ce       0x5c HAL_/SEV_SEG/SEV_SEG_PROGRAM.o
                                0x1fa (size before relaxing)
 .debug_str     0x0000052a       0x53 main.o
                                0x2de (size before relaxing)
 .debug_str     0x0000057d       0x2c MCAL/DIO/DIO_PROGRAM.o
                                0x1df (size before relaxing)

.debug_loc      0x00000000      0xe8b
 *(.debug_loc)
 .debug_loc     0x00000000       0x63 HAL_/BUZZER/BUZZER_PROGRAM.o
 .debug_loc     0x00000063      0x18e HAL_/KEYPAD/KEYPAD_PROGRM.o
 .debug_loc     0x000001f1      0x3f7 HAL_/LCD/LCD_PROGRAM.o
 .debug_loc     0x000005e8       0x63 HAL_/LED/LED_PROGRAMc.o
 .debug_loc     0x0000064b       0x4e HAL_/SEV_SEG/SEV_SEG_PROGRAM.o
 .debug_loc     0x00000699      0x38b main.o
 .debug_loc     0x00000a24      0x467 MCAL/DIO/DIO_PROGRAM.o

.debug_macinfo
 *(.debug_macinfo)

.debug_weaknames
 *(.debug_weaknames)

.debug_funcnames
 *(.debug_funcnames)

.debug_typenames
 *(.debug_typenames)

.debug_varnames
 *(.debug_varnames)

.debug_pubtypes
 *(.debug_pubtypes)

.debug_ranges   0x00000000      0x100
 *(.debug_ranges)
 .debug_ranges  0x00000000       0x20 HAL_/BUZZER/BUZZER_PROGRAM.o
 .debug_ranges  0x00000020       0x18 HAL_/KEYPAD/KEYPAD_PROGRM.o
 .debug_ranges  0x00000038       0x30 HAL_/LCD/LCD_PROGRAM.o
 .debug_ranges  0x00000068       0x20 HAL_/LED/LED_PROGRAMc.o
 .debug_ranges  0x00000088       0x28 HAL_/SEV_SEG/SEV_SEG_PROGRAM.o
 .debug_ranges  0x000000b0       0x30 main.o
 .debug_ranges  0x000000e0       0x20 MCAL/DIO/DIO_PROGRAM.o

.debug_macro
 *(.debug_macro)
OUTPUT(security_system_.elf elf32-avr)
LOAD linker stubs
